typeset -A args=( [--english]=hello [--i-am-a-bool-opt]=true [--i-have-a-default]=wood [--spanish]=hola [positional]='typeset -a args_pos=( y '\''a b'\'' )' )
